// Jest Snapshot v1, https://jestjs.io/docs/snapshot-testing

exports[`generateReport should generate a report with statistics 1`] = `
{
  "changedCount": 1,
  "newCount": 1,
  "removedCount": 1,
  "success": true,
  "timestamp": "2026-05-22T00:00:00.000Z",
  "totalSource": 0,
  "totalTarget": 0,
}
`;
